#-----------------------------------------------------------
# Vivado v2016.2 (64-bit)
# SW Build 1577090 on Thu Jun  2 16:32:40 MDT 2016
# IP Build 1577682 on Fri Jun  3 12:00:54 MDT 2016
# Start of session at: Tue Oct 17 14:13:49 2017
# Process ID: 27256
# Current directory: C:/Users/Francis/Desktop/EE2020proj/audio_effects
# Command line: vivado.exe -gui_launcher_event rodinguilauncherevent34088 C:\Users\Francis\Desktop\EE2020proj\audio_effects\audio_effects.xpr
# Log file: C:/Users/Francis/Desktop/EE2020proj/audio_effects/vivado.log
# Journal file: C:/Users/Francis/Desktop/EE2020proj/audio_effects\vivado.jou
#-----------------------------------------------------------
start_gui
open_project C:/Users/Francis/Desktop/EE2020proj/audio_effects/audio_effects.xpr
update_compile_order -fileset sources_1
close [ open C:/Users/Francis/Desktop/EE2020proj/audio_effects/audio_effects.srcs/sources_1/new/midi_to_frequency.v w ]
add_files C:/Users/Francis/Desktop/EE2020proj/audio_effects/audio_effects.srcs/sources_1/new/midi_to_frequency.v
update_compile_order -fileset sources_1
remove_files C:/Users/Francis/Desktop/EE2020proj/audio_effects/audio_effects.srcs/sources_1/new/midi_to_frequency.v
file delete -force C:/Users/Francis/Desktop/EE2020proj/audio_effects/audio_effects.srcs/sources_1/new/midi_to_frequency.v
close [ open C:/Users/Francis/Desktop/EE2020proj/audio_effects/audio_effects.srcs/sources_1/new/FlexiClock.v w ]
add_files C:/Users/Francis/Desktop/EE2020proj/audio_effects/audio_effects.srcs/sources_1/new/FlexiClock.v
update_compile_order -fileset sources_1
close [ open C:/Users/Francis/Desktop/EE2020proj/audio_effects/audio_effects.srcs/sources_1/new/m_to_clock.v w ]
add_files C:/Users/Francis/Desktop/EE2020proj/audio_effects/audio_effects.srcs/sources_1/new/m_to_clock.v
update_compile_order -fileset sources_1
close [ open C:/Users/Francis/Desktop/EE2020proj/audio_effects/audio_effects.srcs/sources_1/new/frequency_to_m.v w ]
add_files C:/Users/Francis/Desktop/EE2020proj/audio_effects/audio_effects.srcs/sources_1/new/frequency_to_m.v
update_compile_order -fileset sources_1
