#-----------------------------------------------------------
# Vivado v2016.2 (64-bit)
# SW Build 1577090 on Thu Jun  2 16:32:40 MDT 2016
# IP Build 1577682 on Fri Jun  3 12:00:54 MDT 2016
# Start of session at: Sun Nov 05 19:05:44 2017
# Process ID: 9956
# Current directory: C:/Users/s9539968a/Downloads/NUS_FreshmenOweekTelegramBot-master
# Command line: vivado.exe -gui_launcher_event rodinguilauncherevent872 C:\Users\s9539968a\Downloads\NUS_FreshmenOweekTelegramBot-master\design_project.xpr
# Log file: C:/Users/s9539968a/Downloads/NUS_FreshmenOweekTelegramBot-master/vivado.log
# Journal file: C:/Users/s9539968a/Downloads/NUS_FreshmenOweekTelegramBot-master\vivado.jou
#-----------------------------------------------------------
start_gui
open_project C:/Users/s9539968a/Downloads/NUS_FreshmenOweekTelegramBot-master/design_project.xpr
update_compile_order -fileset sources_1
save_project_as audio_effects C:/Users/s9539968a/Downloads/NUS_FreshmenOweekTelegramBot-master -force
import_files
reset_run synth_1
reset_run dist_mem_gen_0_synth_1
launch_runs impl_1 -to_step write_bitstream -jobs 2
wait_on_run impl_1
open_run impl_1
close_design
open_hw
connect_hw_server
open_hw_target
set_property PROGRAM.FILE {C:/Users/s9539968a/Downloads/NUS_FreshmenOweekTelegramBot-master/audio_effects.runs/impl_1/AUDIO_FX_TOP.bit} [lindex [get_hw_devices] 0]
current_hw_device [lindex [get_hw_devices] 0]
refresh_hw_device -update_hw_probes false [lindex [get_hw_devices] 0]
set_property PROBES.FILE {} [lindex [get_hw_devices] 0]
set_property PROGRAM.FILE {C:/Users/s9539968a/Downloads/NUS_FreshmenOweekTelegramBot-master/audio_effects.runs/impl_1/AUDIO_FX_TOP.bit} [lindex [get_hw_devices] 0]
program_hw_devices [lindex [get_hw_devices] 0]
refresh_hw_device [lindex [get_hw_devices] 0]
close_hw
reset_run impl_1 -prev_step 
launch_runs impl_1 -to_step write_bitstream -jobs 2
wait_on_run impl_1
open_hw
connect_hw_server
open_hw_target
set_property PROGRAM.FILE {C:/Users/s9539968a/Downloads/NUS_FreshmenOweekTelegramBot-master/audio_effects.runs/impl_1/AUDIO_FX_TOP.bit} [lindex [get_hw_devices] 0]
current_hw_device [lindex [get_hw_devices] 0]
refresh_hw_device -update_hw_probes false [lindex [get_hw_devices] 0]
set_property PROBES.FILE {} [lindex [get_hw_devices] 0]
set_property PROGRAM.FILE {C:/Users/s9539968a/Downloads/NUS_FreshmenOweekTelegramBot-master/audio_effects.runs/impl_1/AUDIO_FX_TOP.bit} [lindex [get_hw_devices] 0]
program_hw_devices [lindex [get_hw_devices] 0]
refresh_hw_device [lindex [get_hw_devices] 0]
close_hw
reset_run synth_1
launch_runs impl_1 -to_step write_bitstream -jobs 2
wait_on_run impl_1
reset_run impl_1 -prev_step 
reset_run synth_1
launch_runs impl_1 -to_step write_bitstream -jobs 2
wait_on_run impl_1
reset_run synth_1
