Copyright 1986-2017 Xilinx, Inc. All Rights Reserved.
-----------------------------------------------------------------------------------------
| Tool Version : Vivado v.2017.3 (win64) Build 2018833 Wed Oct  4 19:58:22 MDT 2017
| Date         : Sat Nov  4 15:03:41 2017
| Host         : Lee running 64-bit major release  (build 9200)
| Command      : report_control_sets -verbose -file AUDIO_FX_TOP_control_sets_placed.rpt
| Design       : AUDIO_FX_TOP
| Device       : xc7a35t
-----------------------------------------------------------------------------------------

Control Set Information

Table of Contents
-----------------
1. Summary
2. Flip-Flop Distribution
3. Detailed Control Set Information

1. Summary
----------

+----------------------------------------------------------+-------+
|                          Status                          | Count |
+----------------------------------------------------------+-------+
| Number of unique control sets                            |    65 |
| Unused register locations in slices containing registers |   133 |
+----------------------------------------------------------+-------+


2. Flip-Flop Distribution
-------------------------

+--------------+-----------------------+------------------------+-----------------+--------------+
| Clock Enable | Synchronous Set/Reset | Asynchronous Set/Reset | Total Registers | Total Slices |
+--------------+-----------------------+------------------------+-----------------+--------------+
| No           | No                    | No                     |           30342 |         6607 |
| No           | No                    | Yes                    |               0 |            0 |
| No           | Yes                   | No                     |             778 |          205 |
| Yes          | No                    | No                     |             208 |           84 |
| Yes          | No                    | Yes                    |               0 |            0 |
| Yes          | Yes                   | No                     |              51 |           13 |
+--------------+-----------------------+------------------------+-----------------+--------------+


3. Detailed Control Set Information
-----------------------------------

+---------------------------------+------------------------------------+-----------------------------------------+------------------+----------------+
|           Clock Signal          |            Enable Signal           |             Set/Reset Signal            | Slice Load Count | Bel Load Count |
+---------------------------------+------------------------------------+-----------------------------------------+------------------+----------------+
|  cc2/mtc/clk_50M                |                                    |                                         |                1 |              1 |
|  ts/cc3b20k/mtc/clk_20k3b       |                                    |                                         |                1 |              1 |
|  ts/cc3b50k/mtc/clk_50k3b       |                                    |                                         |                1 |              1 |
|  ts/cc3b30k/mtc/clk_30k3b       |                                    |                                         |                1 |              1 |
|  u2/CLK                         |                                    |                                         |                1 |              2 |
|  u2/CLK                         | u2/shiftCounter[3]_i_1_n_0         | u2/temp1[15]_i_1_n_0                    |                1 |              4 |
|  u2/CLK                         | u2/temp2                           | u2/temp1[15]_i_1_n_0                    |                1 |              5 |
|  ts/mpt/ah2/cc2b100h/mtc/CLK    |                                    |                                         |                1 |              5 |
|  ts/mpt/al2/cc2b100l/mtc/CLK    |                                    |                                         |                2 |              5 |
|  ts/mpt/ao2/cc2b300off/mtc/CLK  |                                    |                                         |                2 |              6 |
|  ts/mpt/ah2/cc2b100h/mtc/CLK    | ts/mpt/ah2/segtwobout_h[6]_i_2_n_0 | ts/mpt/ah2/segtwobout_h0                |                1 |              7 |
|  ts/mpt/al2/cc2b100l/mtc/CLK    | ts/mpt/al2/segtwobout_l[6]_i_2_n_0 | ts/mpt/al2/segtwobout_l0                |                2 |              7 |
|  mpt/al2/clk_20k2bl             | ts/mpt/al2/RSTP                    |                                         |                3 |              8 |
|  CLK_IBUF_BUFG                  |                                    | ts/t2/inter[7]_i_1_n_0                  |                3 |              8 |
|  mpt/ah2/clk_20k2bh             | ts/mpt/ah2/clear                   |                                         |                3 |              8 |
|  CLK_IBUF_BUFG                  | ts/mpt/antwobout[3]_i_1_n_0        |                                         |                4 |             11 |
|  CLK_IBUF_BUFG                  |                                    | ts/seg_inter[6]_i_1_n_0                 |                6 |             11 |
|  u2/CLK                         | u2/temp2                           |                                         |                4 |             12 |
|  cc20k/mtc/J_MIC3_Pin1_OBUF     |                                    |                                         |                3 |             12 |
|  fc0/mtc/slow_clock             |                                    |                                         |                3 |             12 |
|  ts/cc3b50k/mtc/clk_50k3b       |                                    | ts/taskthreeb/bincounter50k[12]_i_1_n_0 |                3 |             12 |
|  ts/mpo/ccview/mtc/CLK          |                                    |                                         |                6 |             12 |
|  ts/cc3b30k/mtc/clk_30k3b       |                                    | ts/taskthreeb/bincounter30k[12]_i_1_n_0 |                3 |             12 |
| ~u1/J_MIC3_Pin4_OBUF            |                                    |                                         |                4 |             12 |
|  ts/cc3b20k/mtc/clk_20k3b       |                                    | ts/taskthreeb/bincounter20k[12]_i_1_n_0 |                3 |             12 |
|  CLK_IBUF_BUFG                  |                                    | cc20k/mtc/J_MIC3_Pin1_OBUF              |                3 |             12 |
|  clk_10k                        | ts/t3/circ/fifo_reg[0]__0          |                                         |                7 |             12 |
|  mpt/ah2/clk_20k2bh             | u1/E[0]                            | ts/mpt/ah2/clear                        |                3 |             12 |
|  CLK_IBUF_BUFG                  | ts/taskthreeb/p_0_in               |                                         |                4 |             13 |
|  ex/clk_1rr                     | ts/ex/rng/score_holder_reg[14]     |                                         |                4 |             15 |
|  ts/t2/gs40/fc/mtc/output_clock |                                    |                                         |                5 |             16 |
|  ts/t2/gs42/fc/mtc/output_clock |                                    |                                         |                5 |             16 |
|  ex/clk_1rr                     |                                    |                                         |                5 |             16 |
|  CLK_IBUF_BUFG                  | ts/mpt/led_display[15]_i_2_n_0     | ts/mpt/led_display[15]_i_1_n_0          |                5 |             16 |
|  ts/t2/gs43/fc/mtc/output_clock |                                    |                                         |                4 |             16 |
|  mpt/ah2/clk_20k2bh             |                                    |                                         |                7 |             16 |
|  ts/t2/gs45/fc/mtc/output_clock |                                    |                                         |                4 |             16 |
|  ts/t2/gs38/fc/mtc/output_clock |                                    |                                         |                3 |             16 |
|  mpt/al2/clk_20k2bl             |                                    |                                         |                7 |             16 |
|  CLK_IBUF_BUFG                  |                                    | sw_IBUF[3]                              |               12 |             28 |
|  CLK_IBUF_BUFG                  |                                    | ts/mpt/al2/cc2b20kl/mtc/clear           |                8 |             32 |
|  CLK_IBUF_BUFG                  |                                    | ts/ex/cc1rr/mtc/clear                   |                8 |             32 |
|  CLK_IBUF_BUFG                  |                                    | ts/mpt/ah2/cc2b20kh/mtc/clear           |                8 |             32 |
|  CLK_IBUF_BUFG                  |                                    | ts/t2/gs43/fc/mtc/clear                 |                8 |             32 |
|  CLK_IBUF_BUFG                  |                                    | ts/t2/gs45/fc/mtc/clear                 |                8 |             32 |
|  CLK_IBUF_BUFG                  |                                    | ts/t2/gs38/fc/mtc/clear                 |                8 |             32 |
|  CLK_IBUF_BUFG                  |                                    | ts/t2/gs40/fc/mtc/clear                 |                8 |             32 |
|  CLK_IBUF_BUFG                  |                                    | ts/t2/gs42/fc/mtc/clear                 |                8 |             32 |
|  CLK_IBUF_BUFG                  |                                    | ts/mpt/ah2/cc2b100h/mtc/clear           |                8 |             32 |
|  CLK_IBUF_BUFG                  |                                    | fc0/mtc/clear                           |                8 |             32 |
|  CLK_IBUF_BUFG                  |                                    | cc20k/mtc/clear                         |                8 |             32 |
|  CLK_IBUF_BUFG                  |                                    | ts/mpo/ccview/mtc/clear                 |                8 |             32 |
|  CLK_IBUF_BUFG                  |                                    | cc2/mtc/clear                           |                8 |             32 |
|  clk_10k                        | ts/t3/circ/size                    |                                         |                8 |             32 |
|  CLK_IBUF_BUFG                  |                                    | ts/cc3b50k/mtc/clear                    |                8 |             32 |
|  CLK_IBUF_BUFG                  |                                    | ts/cc3b30k/mtc/clear                    |                8 |             32 |
|  CLK_IBUF_BUFG                  |                                    | ts/mpt/ao2/cc2b300off/mtc/clear         |                8 |             32 |
|  mpt/ah2/clk_20k2bh             |                                    | ts/mpt/ah2/clear                        |                8 |             32 |
|  CLK_IBUF_BUFG                  |                                    | ts/cc3b20k/mtc/clear                    |                8 |             32 |
|  CLK_IBUF_BUFG                  |                                    | ts/cc100/mtc/clear                      |                8 |             32 |
|  CLK_IBUF_BUFG                  |                                    | ts/mpt/al2/cc2b100l/mtc/clear           |                8 |             32 |
|  mpt/al2/clk_20k2bl             |                                    | ts/mpt/al2/RSTP                         |               12 |             43 |
|  clk_10k                        | ts/t3/circ/read                    |                                         |               47 |             97 |
|  CLK_IBUF_BUFG                  |                                    |                                         |               42 |            100 |
|  clk_10k                        |                                    |                                         |             6739 |          30992 |
+---------------------------------+------------------------------------+-----------------------------------------+------------------+----------------+


+--------+-----------------------+
| Fanout | Number of ControlSets |
+--------+-----------------------+
| 1      |                     4 |
| 2      |                     1 |
| 4      |                     1 |
| 5      |                     3 |
| 6      |                     1 |
| 7      |                     2 |
| 8      |                     3 |
| 11     |                     2 |
| 12     |                    11 |
| 13     |                     1 |
| 15     |                     1 |
| 16+    |                    35 |
+--------+-----------------------+


