Copyright 1986-2016 Xilinx, Inc. All Rights Reserved.
-----------------------------------------------------------------------------------------
| Tool Version : Vivado v.2016.2 (win64) Build 1577090 Thu Jun  2 16:32:40 MDT 2016
| Date         : Sun Nov 05 02:09:03 2017
| Host         : acer running 64-bit major release  (build 9200)
| Command      : report_control_sets -verbose -file AUDIO_FX_TOP_control_sets_placed.rpt
| Design       : AUDIO_FX_TOP
| Device       : xc7a35t
-----------------------------------------------------------------------------------------

Control Set Information

Table of Contents
-----------------
1. Summary
2. Flip-Flop Distribution
3. Detailed Control Set Information

1. Summary
----------

+----------------------------------------------------------+-------+
|                          Status                          | Count |
+----------------------------------------------------------+-------+
| Number of unique control sets                            |    74 |
| Unused register locations in slices containing registers |   120 |
+----------------------------------------------------------+-------+


2. Flip-Flop Distribution
-------------------------

+--------------+-----------------------+------------------------+-----------------+--------------+
| Clock Enable | Synchronous Set/Reset | Asynchronous Set/Reset | Total Registers | Total Slices |
+--------------+-----------------------+------------------------+-----------------+--------------+
| No           | No                    | No                     |             385 |          183 |
| No           | No                    | Yes                    |               0 |            0 |
| No           | Yes                   | No                     |            1018 |          273 |
| Yes          | No                    | No                     |              52 |           24 |
| Yes          | No                    | Yes                    |               0 |            0 |
| Yes          | Yes                   | No                     |              65 |           20 |
+--------------+-----------------------+------------------------+-----------------+--------------+


3. Detailed Control Set Information
-----------------------------------

+--------------------------------------------------+----------------------------------------------+------------------------------------------+------------------+----------------+
|                   Clock Signal                   |                 Enable Signal                |             Set/Reset Signal             | Slice Load Count | Bel Load Count |
+--------------------------------------------------+----------------------------------------------+------------------------------------------+------------------+----------------+
|  ts/cc3b30k/mtc/clk_30k3b                        |                                              |                                          |                1 |              1 |
|  cc2/mtc/clk_50M                                 |                                              |                                          |                1 |              1 |
|  ts/cc3b20k/mtc/clk_20k3b                        |                                              |                                          |                1 |              1 |
|  ts/cc3b50k/mtc/clk_50k3b                        |                                              |                                          |                1 |              1 |
|  u2/CLK                                          |                                              |                                          |                1 |              2 |
|  ex/game_speed_inter                             |                                              |                                          |                2 |              3 |
|  u2/CLK                                          | u2/shiftCounter[3]_i_1_n_0                   | u2/temp1[15]_i_1_n_0                     |                1 |              4 |
|  u2/CLK                                          | u2/temp2                                     | u2/temp1[15]_i_1_n_0                     |                1 |              4 |
|  ts/mpt/al2/cc2b100l/mtc/CLK                     |                                              |                                          |                3 |              5 |
|  ts/mpt/ah2/cc2b100h/mtc/CLK                     |                                              |                                          |                1 |              5 |
|  ts/mpt/ao2/cc2b300off/mtc/CLK                   |                                              |                                          |                2 |              6 |
|  ts/mpt/al2/cc2b100l/mtc/CLK                     | ts/mpt/al2/segtwobout_l[6]_i_2_n_0           | ts/mpt/al2/segtwobout_l0                 |                2 |              7 |
|  ts/mpt/ah2/cc2b100h/mtc/CLK                     | ts/mpt/ah2/segtwobout_h[6]_i_2_n_0           | ts/mpt/ah2/segtwobout_h0                 |                1 |              7 |
|  ts/ex/nolabel_line48/cm/mtc/clk_music           |                                              |                                          |                4 |              8 |
|  mpt/al2/clk_20k2bl                              | ts/mpt/al2/sel0[16]                          |                                          |                6 |              8 |
|  mpt/ah2/clk_20k2bh                              | ts/mpt/ah2/sel0[16]                          |                                          |                2 |              8 |
|  CLK_IBUF_BUFG                                   |                                              | ts/t2/inter[7]_i_1__0_n_0                |                4 |              8 |
|  CLK_IBUF_BUFG                                   |                                              | ts/seg_inter[6]_i_1_n_0                  |                7 |             11 |
|  CLK_IBUF_BUFG                                   | ts/mpt/antwobout[3]_i_1_n_0                  |                                          |                5 |             11 |
|  u2/CLK                                          | u2/temp2                                     |                                          |                3 |             12 |
|  cc20k/mtc/J_MIC3_Pin1_OBUF                      |                                              |                                          |                8 |             12 |
| ~u1/J_MIC3_Pin4_OBUF                             |                                              |                                          |                8 |             12 |
|  ts/cc3b20k/mtc/clk_20k3b                        |                                              | ts/taskthreeb/bincounter20k[12]_i_1_n_0  |                3 |             12 |
|  ts/cc3b30k/mtc/clk_30k3b                        |                                              | ts/taskthreeb/bincounter30k[12]_i_1_n_0  |                3 |             12 |
|  ts/cc3b50k/mtc/clk_50k3b                        |                                              | ts/taskthreeb/bincounter50k[12]_i_1_n_0  |                3 |             12 |
|  ts/mpo/ccview/mtc/CLK                           |                                              |                                          |                8 |             12 |
|  CLK_IBUF_BUFG                                   |                                              | cc20k/mtc/J_MIC3_Pin1_OBUF               |                3 |             12 |
|  mpt/ah2/clk_20k2bh                              | u1/E[0]                                      | ts/mpt/ah2/sel0[16]                      |                4 |             12 |
|  CLK_IBUF_BUFG                                   | ts/taskthreeb/p_0_in                         |                                          |                8 |             13 |
|  ex/game_speed_inter                             | ts/ex/nolabel_line48/rng/score_holder_reg[0] | ts/ex/nolabel_line48/st/SR[0]            |                4 |             15 |
|  ts/t2/gs43/fc/mtc/output_clock                  |                                              |                                          |                5 |             16 |
|  ts/t2/gs45/fc/mtc/output_clock                  |                                              |                                          |                6 |             16 |
|  mpt/ah2/clk_20k2bh                              |                                              |                                          |                8 |             16 |
|  mpt/al2/clk_20k2bl                              |                                              |                                          |               12 |             16 |
|  ts/t2/gs38/fc/mtc/output_clock                  |                                              |                                          |                5 |             16 |
|  ts/t2/gs40/fc/mtc/output_clock                  |                                              |                                          |                8 |             16 |
|  ts/t2/gs42/fc/mtc/output_clock                  |                                              |                                          |                5 |             16 |
|  ex/game_speed_inter                             |                                              | ts/ex/nolabel_line48/st/SR[0]            |                6 |             16 |
|  ts/ex/nolabel_line48/st/gs1/fc/mtc/output_clock |                                              |                                          |                5 |             16 |
|  ts/ex/nolabel_line48/st/gs2/fc/mtc/output_clock |                                              |                                          |                4 |             16 |
|  ts/ex/nolabel_line48/st/gs3/fc/mtc/output_clock |                                              |                                          |                5 |             16 |
|  CLK_IBUF_BUFG                                   | ts/mpt/led_display[15]_i_2_n_0               | ts/mpt/led_display[15]_i_1_n_0           |                7 |             16 |
|  ts/ex/nolabel_line48/st/gs4/fc/mtc/output_clock |                                              |                                          |                5 |             16 |
|  CLK_IBUF_BUFG                                   |                                              | sw_IBUF[3]                               |               16 |             28 |
|  CLK_IBUF_BUFG                                   |                                              | ts/cc100/mtc/clear                       |                8 |             32 |
|  CLK_IBUF_BUFG                                   |                                              | ts/cc3b20k/mtc/clear                     |                8 |             32 |
|  CLK_IBUF_BUFG                                   |                                              | ts/cc3b30k/mtc/clear                     |                8 |             32 |
|  CLK_IBUF_BUFG                                   |                                              | ts/cc3b50k/mtc/clear                     |                8 |             32 |
|  CLK_IBUF_BUFG                                   |                                              | ts/mpo/ccview/mtc/clear                  |                8 |             32 |
|  CLK_IBUF_BUFG                                   |                                              | ts/mpt/al2/cc2b100l/mtc/clear            |                8 |             32 |
|  CLK_IBUF_BUFG                                   |                                              | ts/mpt/al2/cc2b20kl/mtc/clear            |                8 |             32 |
|  CLK_IBUF_BUFG                                   |                                              | ts/mpt/ah2/cc2b100h/mtc/clear            |                8 |             32 |
|  CLK_IBUF_BUFG                                   |                                              | ts/mpt/ah2/cc2b20kh/mtc/clear            |                8 |             32 |
|  CLK_IBUF_BUFG                                   |                                              | ts/mpt/ao2/cc2b300off/mtc/clear          |                8 |             32 |
|  CLK_IBUF_BUFG                                   |                                              | ts/ex/cdebug/mtc/clear                   |                8 |             32 |
|  CLK_IBUF_BUFG                                   |                                              | ts/ex/clvl1/mtc/clear                    |                8 |             32 |
|  CLK_IBUF_BUFG                                   |                                              | ts/ex/clvl3/mtc/clear                    |                8 |             32 |
|  CLK_IBUF_BUFG                                   |                                              | ts/ex/nolabel_line48/cm/mtc/clear        |                8 |             32 |
|  CLK_IBUF_BUFG                                   |                                              | ts/ex/nolabel_line48/st/gs1/fc/mtc/clear |                8 |             32 |
|  CLK_IBUF_BUFG                                   |                                              | ts/ex/nolabel_line48/st/gs2/fc/mtc/clear |                8 |             32 |
|  CLK_IBUF_BUFG                                   |                                              | ts/ex/nolabel_line48/st/gs3/fc/mtc/clear |                8 |             32 |
|  CLK_IBUF_BUFG                                   |                                              | ts/ex/nolabel_line48/st/gs4/fc/mtc/clear |                8 |             32 |
|  CLK_IBUF_BUFG                                   |                                              | ts/t2/gs43/fc/mtc/clear                  |                8 |             32 |
|  CLK_IBUF_BUFG                                   |                                              | ts/t2/gs45/fc/mtc/clear                  |                8 |             32 |
|  CLK_IBUF_BUFG                                   |                                              | ts/ex/clvl2/mtc/clear                    |                8 |             32 |
|  CLK_IBUF_BUFG                                   |                                              | ts/t2/gs38/fc/mtc/clear                  |                8 |             32 |
|  CLK_IBUF_BUFG                                   |                                              | ts/t2/gs40/fc/mtc/clear                  |                8 |             32 |
|  CLK_IBUF_BUFG                                   |                                              | ts/t2/gs42/fc/mtc/clear                  |                8 |             32 |
|  CLK_IBUF_BUFG                                   |                                              | cc2/mtc/clear                            |                8 |             32 |
|  mpt/ah2/clk_20k2bh                              |                                              | ts/mpt/ah2/sel0[16]                      |                8 |             32 |
|  CLK_IBUF_BUFG                                   |                                              | cc20k/mtc/clear                          |                8 |             32 |
|  mpt/al2/clk_20k2bl                              |                                              | ts/mpt/al2/sel0[16]                      |               12 |             43 |
|  CLK_IBUF_BUFG                                   |                                              |                                          |               46 |             92 |
|  clk_10k                                         |                                              |                                          |              265 |            996 |
+--------------------------------------------------+----------------------------------------------+------------------------------------------+------------------+----------------+


